01-04 22:14:09.740  9747  9781 I TestRunner: started: loginWifi(com.livewallpaper.video.projectautomationtest.ExampleInstrumentedTest)
01-04 22:14:09.783  9747  9783 V UiAutomation: Init UiAutomation@be0baee[id=53, flags=0]
01-04 22:14:10.328   513   550 D EventSequenceValidator: inc AccIntentStartedEvents to 2
01-04 22:14:10.328 19624 19624 D ContextualCardsFragment: key pressed = homekey
01-04 22:14:10.329  7555  7555 V ShadeControllerImpl: NotificationShadeWindow: com.android.systemui.statusbar.phone.NotificationShadeWindowView{36f1079 I.E...... ......ID 0,0-1440,2560} canPanelBeCollapsed(): false
01-04 22:14:10.337   513   547 W InputReader: Device virtio_input_multi_touch_8 is associated with display ADISPLAY_ID_NONE.
01-04 22:14:10.337   513   547 W InputReader: Device virtio_input_multi_touch_10 is associated with display ADISPLAY_ID_NONE.
01-04 22:14:10.337   513   547 W InputReader: Device virtio_input_multi_touch_3 is associated with display ADISPLAY_ID_NONE.
01-04 22:14:10.337   513   547 W InputReader: Device virtio_input_multi_touch_9 is associated with display ADISPLAY_ID_NONE.
01-04 22:14:10.337   513   547 W InputReader: Device virtio_input_multi_touch_4 is associated with display ADISPLAY_ID_NONE.
01-04 22:14:10.337   513   547 W InputReader: Device virtio_input_multi_touch_2 is associated with display ADISPLAY_ID_NONE.
01-04 22:14:10.337   513   547 W InputReader: Device virtio_input_multi_touch_11 is associated with display ADISPLAY_ID_NONE.
01-04 22:14:10.337   513   547 W InputReader: Device virtio_input_multi_touch_7 is associated with display ADISPLAY_ID_NONE.
01-04 22:14:10.337   513   547 W InputReader: Device virtio_input_multi_touch_5 is associated with display ADISPLAY_ID_NONE.
01-04 22:14:10.337   513   547 W InputReader: Device virtio_input_multi_touch_6 is associated with display ADISPLAY_ID_NONE.
01-04 22:14:10.337   513   547 W InputReader: Device virtio_input_multi_touch_8 is associated with display ADISPLAY_ID_NONE.
01-04 22:14:10.337   513   547 W InputReader: Device virtio_input_multi_touch_10 is associated with display ADISPLAY_ID_NONE.
01-04 22:14:10.337   513   547 W InputReader: Device virtio_input_multi_touch_3 is associated with display ADISPLAY_ID_NONE.
01-04 22:14:10.337   513   547 W InputReader: Device virtio_input_multi_touch_9 is associated with display ADISPLAY_ID_NONE.
01-04 22:14:10.337   513   547 W InputReader: Device virtio_input_multi_touch_4 is associated with display ADISPLAY_ID_NONE.
01-04 22:14:10.337   513   547 W InputReader: Device virtio_input_multi_touch_2 is associated with display ADISPLAY_ID_NONE.
01-04 22:14:10.337   513   547 W InputReader: Device virtio_input_multi_touch_11 is associated with display ADISPLAY_ID_NONE.
01-04 22:14:10.337   513   547 W InputReader: Device virtio_input_multi_touch_7 is associated with display ADISPLAY_ID_NONE.
01-04 22:14:10.337   513   547 W InputReader: Device virtio_input_multi_touch_5 is associated with display ADISPLAY_ID_NONE.
01-04 22:14:10.337   513   547 W InputReader: Device virtio_input_multi_touch_6 is associated with display ADISPLAY_ID_NONE.
01-04 22:14:10.338   345   345 I perfetto: ing_service_impl.cc:758 Configured tracing session 330, #sources:1, duration:5000 ms, #buffers:1, total buffer size:4096 KB, total sessions:1, uid:1071 session name: ""
01-04 22:14:10.339   344   344 I perfetto: probes_producer.cc:230  Ftrace setup (target_buf=330)
01-04 22:14:10.357  1077  1077 D TaplTarget: Launcher.onNewIntent: Intent { act=android.intent.action.MAIN cat=[android.intent.category.HOME] flg=0x10400100 cmp=com.google.android.apps.nexuslauncher/.NexusLauncherActivity (has extras) }
01-04 22:14:10.359 19624 19624 D ControllerRendererPool: Controller is already there.
01-04 22:14:10.362  7555  7555 V ShadeControllerImpl: NotificationShadeWindow: com.android.systemui.statusbar.phone.NotificationShadeWindowView{36f1079 I.E...... ......ID 0,0-1440,2560} canPanelBeCollapsed(): false
01-04 22:14:10.365 19624 19624 D ControllerRendererPool: Controller is already there.
01-04 22:14:10.373   344   344 I perfetto: ftrace_procfs.cc:176    enabled ftrace
01-04 22:14:10.385   304   340 D goldfish-address-space: claimShared: Ask to claim region [0x1ea804000 0x1eb614000]
01-04 22:14:10.389   304   340 D goldfish-address-space: claimShared: Ask to claim region [0x1e8000000 0x1e8e10000]
01-04 22:14:10.390   304   340 D goldfish-address-space: claimShared: Ask to claim region [0x1e8e10000 0x1e9c20000]
01-04 22:14:10.398 19624 19624 D ContextualCardsFragment: key pressed = homekey
01-04 22:14:10.404   304   340 D goldfish-address-space: claimShared: Ask to claim region [0x1ebffc000 0x1ec000000]
01-04 22:14:10.410   304   340 D goldfish-address-space: claimShared: Ask to claim region [0x1ec000000 0x1ece10000]
01-04 22:14:10.412  1077  1585 E FrameEvents: updateAcquireFence: Did not find frame.
01-04 22:14:10.412   304   340 D goldfish-address-space: claimShared: Ask to claim region [0x1ebd98000 0x1ebd9c000]
01-04 22:14:10.412   304   340 D goldfish-address-space: claimShared: Ask to claim region [0x1f0000000 0x1f0e10000]
01-04 22:14:10.413   304   340 D goldfish-address-space: claimShared: Ask to claim region [0x1f1c20000 0x1f2a30000]
01-04 22:14:10.498   304   340 D goldfish-address-space: claimShared: Ask to claim region [0x1ef330000 0x1efc30000]
01-04 22:14:10.511   513   550 D EventSequenceValidator: dec AccIntentStartedEvents to 1
01-04 22:14:10.519   513   555 D ArtManagerInternalImpl: /data/misc/iorapd/com.google.android.apps.nexuslauncher/821/com.google.android.apps.nexuslauncher.NexusLauncherActivity/compiled_traces/compiled_trace.pb doesn't exist
01-04 22:14:10.520  1077  1077 D TaplTarget: sendStateEventToTest: 0
01-04 22:14:10.520  1077  1077 D RecentsOrientedState: current RecentsOrientedState: [this=RecentsOrientedState@b582824 mOrientationHandler=PortraitPagedViewHandler@539c749 mDisplayRotation=0 mTouchRotation=0 mRecentsActivityRotation=0 isRecentsActivityRotationAllowed=false mSystemRotation=false mFlags=291]
01-04 22:14:10.520  1077  1077 I chatty  : uid=10151(com.google.android.apps.nexuslauncher) identical 2 lines
01-04 22:14:10.520  1077  1077 D RecentsOrientedState: current RecentsOrientedState: [this=RecentsOrientedState@b582824 mOrientationHandler=PortraitPagedViewHandler@539c749 mDisplayRotation=0 mTouchRotation=0 mRecentsActivityRotation=0 isRecentsActivityRotationAllowed=false mSystemRotation=false mFlags=291]
01-04 22:14:10.534  1684  2055 W ThreadPoolDumper: Queue length for executor EventBus is now 11. Perhaps some tasks are too long, or the pool is too small.
01-04 22:14:10.545  1684  1835 W LocationOracle: No location history returned by ContextManager
01-04 22:14:10.577   293   293 D Zygote  : Forked child process 9798
01-04 22:14:10.584 28850 28856 I adbd    : jdwp connection from 9798
01-04 22:14:10.594  1684  1684 I BgTaskExecutorImpl: Starting EXCLUSIVE background task TNG_MINUS_ONE_SYNC.
01-04 22:14:10.595  1684  2055 I TngMinusOneSync: Syncing TNG:-1
01-04 22:14:10.599  9798  9798 I e.process.gapp: The ClassLoaderContext is a special shared library.
01-04 22:14:10.607  9798  9798 I e.process.gapp: The ClassLoaderContext is a special shared library.
01-04 22:14:10.616  9798  9798 D NetworkSecurityConfig: No Network Security Config specified, using platform default
01-04 22:14:10.616  9798  9798 D NetworkSecurityConfig: No Network Security Config specified, using platform default
01-04 22:14:10.643  9798  9798 I GoogleHttpClient: GMS http client unavailable, use old client
01-04 22:14:11.209   513  4399 D HostConnection: HostConnection::get() New Host Connection established 0xb400007bdef33c10, tid 4399
01-04 22:14:11.211   513  4399 D HostConnection: HostComposition ext ANDROID_EMU_CHECKSUM_HELPER_v1 ANDROID_EMU_native_sync_v2 ANDROID_EMU_native_sync_v3 ANDROID_EMU_native_sync_v4 ANDROID_EMU_dma_v1 ANDROID_EMU_direct_mem ANDROID_EMU_host_composition_v1 ANDROID_EMU_host_composition_v2 ANDROID_EMU_vulkan ANDROID_EMU_deferred_vulkan_commands ANDROID_EMU_vulkan_null_optional_strings ANDROID_EMU_vulkan_create_resources_with_requirements ANDROID_EMU_YUV_Cache ANDROID_EMU_vulkan_ignored_handles ANDROID_EMU_has_shared_slots_host_memory_allocator ANDROID_EMU_vulkan_free_memory_sync ANDROID_EMU_vulkan_shader_float16_int8 ANDROID_EMU_vulkan_async_queue_submit ANDROID_EMU_sync_buffer_data ANDROID_EMU_read_color_buffer_dma GL_OES_vertex_array_object GL_KHR_texture_compression_astc_ldr ANDROID_EMU_host_side_tracing ANDROID_EMU_gles_max_version_2
01-04 22:14:11.212   513  4399 W OpenGLRenderer: Failed to choose config with EGL_SWAP_BEHAVIOR_PRESERVED, retrying without...
01-04 22:14:11.213   513  4399 D EGL_emulation: eglCreateContext: 0xb400007bcf121cf0: maj 2 min 0 rcv 2
01-04 22:14:11.214   513  4399 D EGL_emulation: eglMakeCurrent: 0xb400007bcf121cf0: ver 2 0 (tinfo 0xb400007b6efa5080) (first time)
01-04 22:14:11.326  5285  5296 E ocessService0:: failed to create Unix domain socket: Operation not permitted
01-04 22:14:11.474   513   633 D WifiNl80211Manager: Scan result ready event
01-04 22:14:11.475   513   633 D WifiNative: Scan result ready event
01-04 22:14:11.762  7555  7555 V ShadeControllerImpl: NotificationShadeWindow: com.android.systemui.statusbar.phone.NotificationShadeWindowView{36f1079 I.E...... ......ID 0,0-1440,2560} canPanelBeCollapsed(): false
01-04 22:14:11.762   513   550 D EventSequenceValidator: inc AccIntentStartedEvents to 2
01-04 22:14:11.763  1077  1077 D TaplTarget: Launcher.onNewIntent: Intent { act=android.intent.action.MAIN cat=[android.intent.category.HOME] flg=0x10000100 cmp=com.google.android.apps.nexuslauncher/.NexusLauncherActivity (has extras) }
01-04 22:14:11.765   345   345 I perfetto: ing_service_impl.cc:758 Configured tracing session 331, #sources:1, duration:5000 ms, #buffers:1, total buffer size:4096 KB, total sessions:2, uid:1071 session name: ""
01-04 22:14:11.766   344   344 I perfetto: probes_producer.cc:230  Ftrace setup (target_buf=331)
01-04 22:14:11.766   513   550 D EventSequenceValidator: dec AccIntentStartedEvents to 1
01-04 22:14:11.771  7555  7555 V ShadeControllerImpl: NotificationShadeWindow: com.android.systemui.statusbar.phone.NotificationShadeWindowView{36f1079 I.E...... ......ID 0,0-1440,2560} canPanelBeCollapsed(): false
01-04 22:14:11.792  1077  1095 W System  : A resource failed to call release.
01-04 22:14:11.792  1077  1095 I chatty  : uid=10151(com.google.android.apps.nexuslauncher) FinalizerDaemon identical 1 line
01-04 22:14:11.792  1077  1095 W System  : A resource failed to call release.
01-04 22:14:12.773  9747  9781 W InteractionController: runAndwaitForEvents timed out waiting for events
01-04 22:14:13.326  5285  5296 E ocessService0:: failed to create Unix domain socket: Operation not permitted
01-04 22:14:15.328  5285  5296 E ocessService0:: failed to create Unix domain socket: Operation not permitted
01-04 22:14:15.343   344   344 I perfetto: probes_producer.cc:329  Producer stop (id=330)
01-04 22:14:15.345   345   345 I perfetto: ng_service_impl.cc:1948 Tracing session 330 ended, total sessions:1
01-04 22:14:15.551  1368  1422 I PeriodicStatsRunner: PeriodicStatsRunner.call():180 call()
01-04 22:14:15.551  1368  1422 I PeriodicStatsRunner: PeriodicStatsRunner.call():184 No submit PeriodicStats since input started.
01-04 22:14:16.767   344   344 I perfetto: probes_producer.cc:329  Producer stop (id=331)
01-04 22:14:16.767   344   344 I perfetto: ftrace_procfs.cc:183    disabled ftrace
01-04 22:14:16.768   345   345 I perfetto: ng_service_impl.cc:1948 Tracing session 331 ended, total sessions:0
01-04 22:14:17.334  5285  5296 E ocessService0:: failed to create Unix domain socket: Operation not permitted
01-04 22:14:18.056   513   550 D EventSequenceValidator: inc AccIntentStartedEvents to 2
01-04 22:14:18.056  7555  7555 V ShadeControllerImpl: NotificationShadeWindow: com.android.systemui.statusbar.phone.NotificationShadeWindowView{36f1079 I.E...... ......ID 0,0-1440,2560} canPanelBeCollapsed(): false
01-04 22:14:18.057  1077  1077 D TaplTarget: Launcher.onNewIntent: Intent { act=android.intent.action.MAIN cat=[android.intent.category.HOME] flg=0x10000100 cmp=com.google.android.apps.nexuslauncher/.NexusLauncherActivity (has extras) }
01-04 22:14:18.058   345   345 I perfetto: ing_service_impl.cc:758 Configured tracing session 332, #sources:1, duration:5000 ms, #buffers:1, total buffer size:4096 KB, total sessions:1, uid:1071 session name: ""
01-04 22:14:18.058   344   344 I perfetto: probes_producer.cc:230  Ftrace setup (target_buf=332)
01-04 22:14:18.068  7555  7555 V ShadeControllerImpl: NotificationShadeWindow: com.android.systemui.statusbar.phone.NotificationShadeWindowView{36f1079 I.E...... ......ID 0,0-1440,2560} canPanelBeCollapsed(): false
01-04 22:14:18.069   513   550 D EventSequenceValidator: dec AccIntentStartedEvents to 1
01-04 22:14:18.085   344   344 I perfetto: ftrace_procfs.cc:176    enabled ftrace
01-04 22:14:19.072  9747  9781 W InteractionController: runAndwaitForEvents timed out waiting for events
01-04 22:14:19.076  9747  9781 E TestRunner: failed: loginWifi(com.livewallpaper.video.projectautomationtest.ExampleInstrumentedTest)
01-04 22:14:19.076  9747  9781 E TestRunner: ----- begin exception -----
01-04 22:14:19.086  9747  9781 E TestRunner: java.lang.SecurityException: Permission Denial: package=com.livewallpaper.video.projectautomationtest.test does not belong to uid=10180
01-04 22:14:19.086  9747  9781 E TestRunner: 	at android.os.Parcel.createExceptionOrNull(Parcel.java:2373)
01-04 22:14:19.086  9747  9781 E TestRunner: 	at android.os.Parcel.createException(Parcel.java:2357)
01-04 22:14:19.086  9747  9781 E TestRunner: 	at android.os.Parcel.readException(Parcel.java:2340)
01-04 22:14:19.086  9747  9781 E TestRunner: 	at android.os.Parcel.readException(Parcel.java:2282)
01-04 22:14:19.086  9747  9781 E TestRunner: 	at android.app.IActivityTaskManager$Stub$Proxy.startActivity(IActivityTaskManager.java:3696)
01-04 22:14:19.086  9747  9781 E TestRunner: 	at android.app.Instrumentation.execStartActivity(Instrumentation.java:1723)
01-04 22:14:19.086  9747  9781 E TestRunner: 	at androidx.test.runner.MonitoringInstrumentation.execStartActivity(MonitoringInstrumentation.java:605)
01-04 22:14:19.086  9747  9781 E TestRunner: 	at android.app.ContextImpl.startActivity(ContextImpl.java:1023)
01-04 22:14:19.086  9747  9781 E TestRunner: 	at android.app.ContextImpl.startActivity(ContextImpl.java:994)
01-04 22:14:19.086  9747  9781 E TestRunner: 	at com.livewallpaper.video.projectautomationtest.ExampleInstrumentedTest.loginWifi(ExampleInstrumentedTest.kt:137)
01-04 22:14:19.086  9747  9781 E TestRunner: 	at java.lang.reflect.Method.invoke(Native Method)
01-04 22:14:19.086  9747  9781 E TestRunner: 	at org.junit.runners.model.FrameworkMethod$1.runReflectiveCall(FrameworkMethod.java:59)
01-04 22:14:19.086  9747  9781 E TestRunner: 	at org.junit.internal.runners.model.ReflectiveCallable.run(ReflectiveCallable.java:12)
01-04 22:14:19.086  9747  9781 E TestRunner: 	at org.junit.runners.model.FrameworkMethod.invokeExplosively(FrameworkMethod.java:56)
01-04 22:14:19.086  9747  9781 E TestRunner: 	at org.junit.internal.runners.statements.InvokeMethod.evaluate(InvokeMethod.java:17)
01-04 22:14:19.086  9747  9781 E TestRunner: 	at androidx.test.internal.runner.junit4.statement.RunBefores.evaluate(RunBefores.java:80)
01-04 22:14:19.086  9747  9781 E TestRunner: 	at androidx.test.internal.runner.junit4.statement.RunAfters.evaluate(RunAfters.java:61)
01-04 22:14:19.086  9747  9781 E TestRunner: 	at org.junit.runners.ParentRunner$3.evaluate(ParentRunner.java:306)
01-04 22:14:19.086  9747  9781 E TestRunner: 	at org.junit.runners.BlockJUnit4ClassRunner$1.evaluate(BlockJUnit4ClassRunner.java:100)
01-04 22:14:19.086  9747  9781 E TestRunner: 	at org.junit.runners.ParentRunner.runLeaf(ParentRunner.java:366)
01-04 22:14:19.086  9747  9781 E TestRunner: 	at org.junit.runners.BlockJUnit4ClassRunner.runChild(BlockJUnit4ClassRunner.java:103)
01-04 22:14:19.086  9747  9781 E TestRunner: 	at org.junit.runners.BlockJUnit4ClassRunner.runChild(BlockJUnit4ClassRunner.java:63)
01-04 22:14:19.086  9747  9781 E TestRunner: 	at org.junit.runners.ParentRunner$4.run(ParentRunner.java:331)
01-04 22:14:19.086  9747  9781 E TestRunner: 	at org.junit.runners.ParentRunner$1.schedule(ParentRunner.java:79)
01-04 22:14:19.086  9747  9781 E TestRunner: 	at org.junit.runners.ParentRunner.runChildren(ParentRunner.java:329)
01-04 22:14:19.086  9747  9781 E TestRunner: 	at org.junit.runners.ParentRunner.access$100(ParentRunner.java:66)
01-04 22:14:19.086  9747  9781 E TestRunner: 	at org.junit.runners.ParentRunner$2.evaluate(ParentRunner.java:293)
01-04 22:14:19.086  9747  9781 E TestRunner: 	at org.junit.runners.ParentRunner$3.evaluate(ParentRunner.java:306)
01-04 22:14:19.086  9747  9781 E TestRunner: 	at org.junit.runners.ParentRunner.run(ParentRunner.java:413)
01-04 22:14:19.086  9747  9781 E TestRunner: 	at androidx.test.ext.junit.runners.AndroidJUnit4.run(AndroidJUnit4.java:162)
01-04 22:14:19.086  9747  9781 E TestRunner: 	at org.junit.runners.Suite.runChild(Suite.java:128)
01-04 22:14:19.086  9747  9781 E TestRunner: 	at org.junit.runners.Suite.runChild(Suite.java:27)
01-04 22:14:19.086  9747  9781 E TestRunner: 	at org.junit.runners.ParentRunner$4.run(ParentRunner.java:331)
01-04 22:14:19.086  9747  9781 E TestRunner: 	at org.junit.runners.ParentRunner$1.schedule(ParentRunner.java:79)
01-04 22:14:19.086  9747  9781 E TestRunner: 	at org.junit.runners.ParentRunner.runChildren(ParentRunner.java:329)
01-04 22:14:19.086  9747  9781 E TestRunner: 	at org.junit.runners.ParentRunner.access$100(ParentRunner.java:66)
01-04 22:14:19.086  9747  9781 E TestRunner: 	at org.junit.runners.ParentRunner$2.evaluate(ParentRunner.java:293)
01-04 22:14:19.086  9747  9781 E TestRunner: 	at org.junit.runners.ParentRunner$3.evaluate(ParentRunner.java:306)
01-04 22:14:19.086  9747  9781 E TestRunner: 	at org.junit.runners.ParentRunner.run(ParentRunner.java:413)
01-04 22:14:19.086  9747  9781 E TestRunner: 	at org.junit.runner.JUnitCore.run(JUnitCore.java:137)
01-04 22:14:19.086  9747  9781 E TestRunner: 	at org.junit.runner.JUnitCore.run(JUnitCore.java:115)
01-04 22:14:19.086  9747  9781 E TestRunner: 	at androidx.test.internal.runner.TestExecutor.execute(TestExecutor.java:67)
01-04 22:14:19.086  9747  9781 E TestRunner: 	at androidx.test.internal.runner.TestExecutor.execute(TestExecutor.java:58)
01-04 22:14:19.086  9747  9781 E TestRunner: 	at androidx.test.runner.AndroidJUnitRunner.onStart(AndroidJUnitRunner.java:446)
01-04 22:14:19.086  9747  9781 E TestRunner: 	at android.app.Instrumentation$InstrumentationThread.run(Instrumentation.java:2205)
01-04 22:14:19.086  9747  9781 E TestRunner: Caused by: android.os.RemoteException: Remote stack trace:
01-04 22:14:19.086  9747  9781 E TestRunner: 	at com.android.server.wm.ActivityTaskManagerService.assertPackageMatchesCallingUid(ActivityTaskManagerService.java:2598)
01-04 22:14:19.086  9747  9781 E TestRunner: 	at com.android.server.wm.ActivityTaskManagerService.startActivityAsUser(ActivityTaskManagerService.java:1081)
01-04 22:14:19.086  9747  9781 E TestRunner: 	at com.android.server.wm.ActivityTaskManagerService.startActivityAsUser(ActivityTaskManagerService.java:1072)
01-04 22:14:19.086  9747  9781 E TestRunner: 	at com.android.server.wm.ActivityTaskManagerService.startActivity(ActivityTaskManagerService.java:1047)
01-04 22:14:19.086  9747  9781 E TestRunner: 	at android.app.IActivityTaskManager$Stub.onTransact(IActivityTaskManager.java:1422)
01-04 22:14:19.086  9747  9781 E TestRunner:
01-04 22:14:19.087  9747  9781 E TestRunner: ----- end exception -----
01-04 22:14:19.120  9747  9781 I TestRunner: finished: loginWifi(com.livewallpaper.video.projectautomationtest.ExampleInstrumentedTest)
